Copyright 1986-2021 Xilinx, Inc. All Rights Reserved.
------------------------------------------------------------------------------------
| Tool Version : Vivado v.2021.1 (win64) Build 3247384 Thu Jun 10 19:36:33 MDT 2021
| Date         : Mon Oct 10 18:05:27 2022
| Host         : Zjemowit running 64-bit major release  (build 9200)
| Command      : report_qor_suggestions -file top_rqs_routed.rpt
| Design       : top
| Device       : xc7s50
| Design State : Routed
| ML Models    : NA
------------------------------------------------------------------------------------

Report QoR Suggestions

Table of Contents
-----------------
1. QoR Suggestions Report Summary
2. ML Strategies
3. QoR Suggestions - Utilization
4. QoR Suggestions - Timing

1. QoR Suggestions Report Summary
---------------------------------

+-----------------+---------------+-----------+--------------+----------------+-----------+-------------+----------------------+------------------------------------------------------------------------------------------+-------------+
|       Name      |       Id      |   Status  | Generated At | Applicable For | Automatic |    Scope    | Incremental Friendly |                                        Description                                       |    Source   |
+-----------------+---------------+-----------+--------------+----------------+-----------+-------------+----------------------+------------------------------------------------------------------------------------------+-------------+
| RQS_UTIL-1-1    | RQS_UTIL-1    | Generated | opt_design   | synth_design   | No        | GLOBALSCOPE | No                   | High utilization of certain types of cells. Try to reduce the utilization of those       | Current Run |
|                 |               |           |              |                |           |             |                      | particular types of cells.                                                               |             |
| RQS_TIMING-19-1 | RQS_TIMING-19 | Generated | opt_design   | synth_design   | Yes       | GLOBALSCOPE | No                   | Retime across high fanout nets to improve timing.                                        | Current Run |
+-----------------+---------------+-----------+--------------+----------------+-----------+-------------+----------------------+------------------------------------------------------------------------------------------+-------------+
* No QoR suggestions are provided when the fully routed design is assessed to easily meet timing.


2. ML Strategies
----------------

+---+----+---------+---------+
| # | Id | Command | Options |
+---+----+---------+---------+


3. QoR Suggestions - Utilization
--------------------------------

+--------------+----------------------------------------------------------------------------------------------------------------------------+-----------+--------+
|     Name     |                                                         Description                                                        | Hierarchy | Module |
+--------------+----------------------------------------------------------------------------------------------------------------------------+-----------+--------+
| RQS_UTIL-1-1 | Utilization of F7 Muxes is 41% and has exceeded the recommended maximum of 15%. This may have an impact on timing closure. | GLOBAL    | GLOBAL |
+--------------+----------------------------------------------------------------------------------------------------------------------------+-----------+--------+


4. QoR Suggestions - Timing
---------------------------

+-----------------+-------------+--------------+--------+--------+--------+--------+--------+----------------+-------+--------+--------------+-------------------+-----------------------------+------------------------------------+
|       Name      | No of Paths | Logic Levels | Routes |  Slack |  Req.  |  Skew  | Fanout | Datapath Delay | Cell% | Route% | Source Clock | Destination Clock |          Startpoint         |              Endpoint              |
+-----------------+-------------+--------------+--------+--------+--------+--------+--------+----------------+-------+--------+--------------+-------------------+-----------------------------+------------------------------------+
| RQS_TIMING-19-1 | 1           | 1            | 2      | 80.577 | 83.333 | -0.145 | 1326   | 2.634          | 28.50 | 71.50  | sys_clk_pin  | sys_clk_pin       | U17/s_data_address_reg[1]/C | U25/ROM_reg_r1_0_63_0_2/RAMA/WADR1 |
|                 | 1           | 1            | 2      | 80.651 | 83.333 | -0.145 | 1326   | 2.420          | 31.00 | 69.00  | sys_clk_pin  | sys_clk_pin       | U17/s_data_address_reg[3]/C | U25/ROM_reg_r1_0_63_0_2/RAMA/WADR3 |
|                 | 1           | 1            | 2      | 80.937 | 83.333 | -0.145 | 1326   | 2.097          | 35.80 | 64.20  | sys_clk_pin  | sys_clk_pin       | U17/s_data_address_reg[4]/C | U25/ROM_reg_r1_0_63_0_2/RAMA/WADR4 |
|                 | 1           | 1            | 2      | 80.695 | 83.333 | -0.145 | 1326   | 2.518          | 29.80 | 70.20  | sys_clk_pin  | sys_clk_pin       | U17/s_data_address_reg[0]/C | U25/ROM_reg_r1_0_63_0_2/RAMA/WADR0 |
|                 | 1           | 1            | 2      | 80.649 | 83.333 | -0.145 | 1326   | 2.483          | 30.20 | 69.80  | sys_clk_pin  | sys_clk_pin       | U17/s_data_address_reg[2]/C | U25/ROM_reg_r1_0_63_0_2/RAMA/WADR2 |
+-----------------+-------------+--------------+--------+--------+--------+--------+--------+----------------+-------+--------+--------------+-------------------+-----------------------------+------------------------------------+


